2026-01-14 18:53:50,586 - HTTP Request: GET http://localhost:62974/status "HTTP/1.1 200 OK"
2026-01-14 18:54:51,476 - (trapped) error reading bcrypt version
Traceback (most recent call last):
  File "/Users/sharmeenkhan/miniconda3/envs/primetrade_env/lib/python3.12/site-packages/passlib/handlers/bcrypt.py", line 620, in _load_backend_mixin
    version = _bcrypt.__about__.__version__
              ^^^^^^^^^^^^^^^^^
AttributeError: module 'bcrypt' has no attribute '__about__'
2026-01-14 20:14:48,756 - HTTP Request: GET http://localhost:64853/status "HTTP/1.1 200 OK"
2026-01-14 20:14:52,242 - HTTP Request: GET http://localhost:64859/status "HTTP/1.1 200 OK"
2026-01-14 20:15:53,951 - (trapped) error reading bcrypt version
Traceback (most recent call last):
  File "/Users/sharmeenkhan/miniconda3/envs/primetrade_env/lib/python3.12/site-packages/passlib/handlers/bcrypt.py", line 620, in _load_backend_mixin
    version = _bcrypt.__about__.__version__
              ^^^^^^^^^^^^^^^^^
AttributeError: module 'bcrypt' has no attribute '__about__'
2026-01-14 20:16:07,608 - HTTP Request: GET http://localhost:64896/status "HTTP/1.1 200 OK"
2026-01-14 20:16:23,698 - (trapped) error reading bcrypt version
Traceback (most recent call last):
  File "/Users/sharmeenkhan/miniconda3/envs/primetrade_env/lib/python3.12/site-packages/passlib/handlers/bcrypt.py", line 620, in _load_backend_mixin
    version = _bcrypt.__about__.__version__
              ^^^^^^^^^^^^^^^^^
AttributeError: module 'bcrypt' has no attribute '__about__'
2026-01-14 20:17:47,920 - HTTP Request: GET http://localhost:64953/status "HTTP/1.1 200 OK"
2026-01-14 20:24:49,032 - HTTP Request: POST http://localhost:64953/ "HTTP/1.1 200 OK"
2026-01-14 20:29:04,818 - HTTP Request: GET http://localhost:65224/status "HTTP/1.1 200 OK"
2026-01-14 20:29:25,090 - HTTP Request: POST http://localhost:65224/ "HTTP/1.1 200 OK"
2026-01-14 20:35:29,561 - HTTP Request: GET http://localhost:65401/status "HTTP/1.1 200 OK"
2026-01-14 20:37:08,534 - HTTP Request: GET http://localhost:65456/status "HTTP/1.1 200 OK"
2026-01-14 20:37:13,649 - HTTP Request: GET http://localhost:65462/status "HTTP/1.1 200 OK"
2026-01-14 20:38:35,537 - HTTP Request: GET http://localhost:65509/status "HTTP/1.1 200 OK"
2026-01-14 20:39:28,140 - HTTP Request: GET http://localhost:49154/status "HTTP/1.1 200 OK"
2026-01-14 20:41:54,640 - HTTP Request: GET http://localhost:49221/status "HTTP/1.1 200 OK"
2026-01-14 20:42:17,541 - HTTP Request: POST http://localhost:49221/ "HTTP/1.1 200 OK"
2026-01-14 20:42:28,127 - HTTP Request: POST http://localhost:49221/ "HTTP/1.1 200 OK"
2026-01-14 20:42:40,895 - HTTP Request: POST http://localhost:49221/ "HTTP/1.1 200 OK"
2026-01-14 20:45:27,559 - HTTP Request: POST http://localhost:49221/ "HTTP/1.1 200 OK"
2026-01-14 20:48:16,946 - HTTP Request: GET http://localhost:49413/status "HTTP/1.1 200 OK"
2026-01-14 20:48:28,109 - HTTP Request: GET http://localhost:49426/status "HTTP/1.1 200 OK"
2026-01-14 20:48:54,933 - HTTP Request: POST http://localhost:49426/ "HTTP/1.1 200 OK"
2026-01-14 20:49:00,492 - HTTP Request: POST http://localhost:49426/ "HTTP/1.1 200 OK"
2026-01-14 20:49:33,339 - HTTP Request: GET http://localhost:49471/status "HTTP/1.1 200 OK"
2026-01-14 20:55:29,040 - HTTP Request: POST http://localhost:49471/ "HTTP/1.1 200 OK"
2026-01-15 00:58:44,445 - HTTP Request: POST http://localhost:49471/ "HTTP/1.1 200 OK"
2026-01-15 00:58:49,234 - HTTP Request: POST http://localhost:49471/ "HTTP/1.1 200 OK"
2026-01-15 00:59:42,514 - HTTP Request: GET http://localhost:52030/status "HTTP/1.1 200 OK"
2026-01-15 00:59:55,990 - HTTP Request: POST http://localhost:52030/ "HTTP/1.1 200 OK"
2026-01-15 00:59:56,346 - HTTP Request: POST http://localhost:52030/ "HTTP/1.1 200 OK"
2026-01-15 00:59:56,350 - HTTP Request: POST http://localhost:52030/ "HTTP/1.1 200 OK"
2026-01-15 00:59:56,354 - HTTP Request: POST http://localhost:52030/ "HTTP/1.1 200 OK"
2026-01-15 00:59:56,355 - HTTP Request: POST http://localhost:52030/ "HTTP/1.1 200 OK"
2026-01-15 01:00:06,990 - HTTP Request: POST http://localhost:52030/ "HTTP/1.1 200 OK"
2026-01-15 01:03:01,283 - HTTP Request: POST http://localhost:52030/ "HTTP/1.1 200 OK"
2026-01-15 01:03:01,288 - HTTP Request: POST http://localhost:52030/ "HTTP/1.1 200 OK"
2026-01-15 01:03:12,855 - HTTP Request: POST http://localhost:52030/ "HTTP/1.1 200 OK"
2026-01-15 01:03:12,862 - HTTP Request: POST http://localhost:52030/ "HTTP/1.1 200 OK"
2026-01-15 01:03:14,824 - HTTP Request: POST http://localhost:52030/ "HTTP/1.1 200 OK"
2026-01-15 01:03:14,826 - HTTP Request: POST http://localhost:52030/ "HTTP/1.1 200 OK"
2026-01-15 01:03:41,865 - HTTP Request: POST http://localhost:52030/ "HTTP/1.1 200 OK"
2026-01-15 01:03:41,873 - HTTP Request: POST http://localhost:52030/ "HTTP/1.1 200 OK"
2026-01-15 01:03:41,884 - HTTP Request: POST http://localhost:52030/ "HTTP/1.1 200 OK"
2026-01-15 01:03:41,887 - HTTP Request: POST http://localhost:52030/ "HTTP/1.1 200 OK"
2026-01-15 01:03:52,648 - HTTP Request: POST http://localhost:52030/ "HTTP/1.1 200 OK"
2026-01-15 01:03:52,652 - HTTP Request: POST http://localhost:52030/ "HTTP/1.1 200 OK"
2026-01-15 01:03:52,657 - HTTP Request: POST http://localhost:52030/ "HTTP/1.1 200 OK"
2026-01-15 01:03:52,659 - HTTP Request: POST http://localhost:52030/ "HTTP/1.1 200 OK"
2026-01-15 01:04:03,497 - HTTP Request: POST http://localhost:52030/ "HTTP/1.1 200 OK"
2026-01-15 01:04:03,560 - HTTP Request: POST http://localhost:52030/ "HTTP/1.1 200 OK"
2026-01-15 01:04:03,578 - HTTP Request: POST http://localhost:52030/ "HTTP/1.1 200 OK"
2026-01-15 01:04:06,681 - HTTP Request: POST http://localhost:52030/ "HTTP/1.1 200 OK"
2026-01-15 01:04:06,685 - HTTP Request: POST http://localhost:52030/ "HTTP/1.1 200 OK"
2026-01-15 01:04:07,997 - HTTP Request: POST http://localhost:52030/ "HTTP/1.1 200 OK"
2026-01-15 01:04:08,004 - HTTP Request: POST http://localhost:52030/ "HTTP/1.1 200 OK"
2026-01-15 01:04:23,944 - HTTP Request: POST http://localhost:52030/ "HTTP/1.1 200 OK"
2026-01-15 01:04:24,289 - HTTP Request: POST http://localhost:52030/ "HTTP/1.1 200 OK"
2026-01-15 01:04:24,291 - HTTP Request: POST http://localhost:52030/ "HTTP/1.1 200 OK"
2026-01-15 01:04:24,295 - HTTP Request: POST http://localhost:52030/ "HTTP/1.1 200 OK"
2026-01-15 01:04:24,296 - HTTP Request: POST http://localhost:52030/ "HTTP/1.1 200 OK"
2026-01-15 01:11:53,813 - HTTP Request: POST http://localhost:52030/ "HTTP/1.1 200 OK"
2026-01-15 01:11:58,175 - HTTP Request: POST http://localhost:52030/ "HTTP/1.1 200 OK"
2026-01-15 01:11:58,573 - HTTP Request: POST http://localhost:52030/ "HTTP/1.1 200 OK"
2026-01-15 01:11:58,575 - HTTP Request: POST http://localhost:52030/ "HTTP/1.1 200 OK"
2026-01-15 01:11:58,578 - HTTP Request: POST http://localhost:52030/ "HTTP/1.1 200 OK"
2026-01-15 01:11:58,579 - HTTP Request: POST http://localhost:52030/ "HTTP/1.1 200 OK"
2026-01-15 01:12:22,358 - HTTP Request: POST http://localhost:52030/ "HTTP/1.1 200 OK"
2026-01-15 01:12:22,360 - HTTP Request: POST http://localhost:52030/ "HTTP/1.1 200 OK"
2026-01-15 01:12:30,961 - HTTP Request: POST http://localhost:52030/ "HTTP/1.1 200 OK"
2026-01-15 01:12:30,962 - HTTP Request: POST http://localhost:52030/ "HTTP/1.1 200 OK"
2026-01-15 01:12:35,131 - HTTP Request: POST http://localhost:52030/ "HTTP/1.1 200 OK"
2026-01-15 01:12:35,138 - HTTP Request: POST http://localhost:52030/ "HTTP/1.1 200 OK"
2026-01-15 01:12:44,651 - HTTP Request: POST http://localhost:52030/ "HTTP/1.1 200 OK"
2026-01-15 01:12:44,654 - HTTP Request: POST http://localhost:52030/ "HTTP/1.1 200 OK"
2026-01-15 01:16:19,970 - HTTP Request: POST http://localhost:52030/ "HTTP/1.1 200 OK"
2026-01-15 01:16:23,444 - HTTP Request: POST http://localhost:52030/ "HTTP/1.1 200 OK"
2026-01-15 01:16:23,880 - HTTP Request: POST http://localhost:52030/ "HTTP/1.1 200 OK"
2026-01-15 01:16:23,886 - HTTP Request: POST http://localhost:52030/ "HTTP/1.1 200 OK"
2026-01-15 01:16:23,893 - HTTP Request: POST http://localhost:52030/ "HTTP/1.1 200 OK"
2026-01-15 01:16:23,895 - HTTP Request: POST http://localhost:52030/ "HTTP/1.1 200 OK"
2026-01-15 01:19:34,584 - HTTP Request: GET http://localhost:52512/status "HTTP/1.1 200 OK"
2026-01-15 01:19:39,680 - HTTP Request: POST http://localhost:52512/ "HTTP/1.1 200 OK"
2026-01-15 01:19:40,151 - HTTP Request: POST http://localhost:52512/ "HTTP/1.1 200 OK"
2026-01-15 01:19:40,159 - HTTP Request: POST http://localhost:52512/ "HTTP/1.1 200 OK"
2026-01-15 01:19:40,163 - HTTP Request: POST http://localhost:52512/ "HTTP/1.1 200 OK"
2026-01-15 01:19:40,165 - HTTP Request: POST http://localhost:52512/ "HTTP/1.1 200 OK"
2026-01-15 01:19:42,974 - HTTP Request: POST http://localhost:52512/ "HTTP/1.1 200 OK"
2026-01-15 01:19:42,977 - HTTP Request: POST http://localhost:52512/ "HTTP/1.1 200 OK"
2026-01-15 01:19:42,983 - HTTP Request: POST http://localhost:52512/ "HTTP/1.1 200 OK"
2026-01-15 01:20:27,083 - HTTP Request: POST http://localhost:52512/ "HTTP/1.1 200 OK"
2026-01-15 01:20:27,089 - HTTP Request: POST http://localhost:52512/ "HTTP/1.1 200 OK"
2026-01-15 01:20:27,098 - HTTP Request: POST http://localhost:52512/ "HTTP/1.1 200 OK"
2026-01-15 01:20:27,100 - HTTP Request: POST http://localhost:52512/ "HTTP/1.1 200 OK"
2026-01-15 01:25:15,279 - HTTP Request: GET http://localhost:52743/status "HTTP/1.1 200 OK"
2026-01-15 01:27:24,666 - HTTP Request: GET http://localhost:52793/status "HTTP/1.1 200 OK"
2026-01-15 01:28:31,611 - HTTP Request: GET http://localhost:52829/status "HTTP/1.1 200 OK"
2026-01-15 01:30:08,813 - HTTP Request: POST http://localhost:52829/ "HTTP/1.1 200 OK"
2026-01-15 01:30:12,731 - HTTP Request: POST http://localhost:52829/ "HTTP/1.1 200 OK"
2026-01-15 01:30:13,209 - HTTP Request: POST http://localhost:52829/ "HTTP/1.1 200 OK"
2026-01-15 01:30:13,214 - HTTP Request: POST http://localhost:52829/ "HTTP/1.1 200 OK"
2026-01-15 01:30:13,218 - HTTP Request: POST http://localhost:52829/ "HTTP/1.1 200 OK"
2026-01-15 01:30:13,219 - HTTP Request: POST http://localhost:52829/ "HTTP/1.1 200 OK"
2026-01-15 01:30:23,774 - HTTP Request: POST http://localhost:52829/ "HTTP/1.1 200 OK"
2026-01-15 01:30:23,780 - HTTP Request: POST http://localhost:52829/ "HTTP/1.1 200 OK"
2026-01-15 01:30:23,790 - HTTP Request: POST http://localhost:52829/ "HTTP/1.1 200 OK"
2026-01-15 01:30:23,793 - HTTP Request: POST http://localhost:52829/ "HTTP/1.1 200 OK"
2026-01-15 01:30:33,844 - HTTP Request: POST http://localhost:52829/ "HTTP/1.1 200 OK"
2026-01-15 01:30:33,847 - HTTP Request: POST http://localhost:52829/ "HTTP/1.1 200 OK"
2026-01-15 01:30:33,856 - HTTP Request: POST http://localhost:52829/ "HTTP/1.1 200 OK"
2026-01-15 01:30:33,857 - HTTP Request: POST http://localhost:52829/ "HTTP/1.1 200 OK"
2026-01-15 01:30:37,684 - HTTP Request: POST http://localhost:52829/ "HTTP/1.1 200 OK"
2026-01-15 01:30:37,689 - HTTP Request: POST http://localhost:52829/ "HTTP/1.1 200 OK"
2026-01-15 01:30:37,696 - HTTP Request: POST http://localhost:52829/ "HTTP/1.1 200 OK"
2026-01-15 01:30:39,782 - HTTP Request: POST http://localhost:52829/ "HTTP/1.1 200 OK"
2026-01-15 01:30:39,784 - HTTP Request: POST http://localhost:52829/ "HTTP/1.1 200 OK"
2026-01-15 01:31:40,723 - HTTP Request: POST http://localhost:52829/ "HTTP/1.1 200 OK"
2026-01-15 01:31:43,624 - HTTP Request: POST http://localhost:52829/ "HTTP/1.1 200 OK"
2026-01-15 01:31:44,057 - HTTP Request: POST http://localhost:52829/ "HTTP/1.1 200 OK"
2026-01-15 01:31:44,061 - HTTP Request: POST http://localhost:52829/ "HTTP/1.1 200 OK"
2026-01-15 01:31:44,070 - HTTP Request: POST http://localhost:52829/ "HTTP/1.1 200 OK"
2026-01-15 01:31:44,075 - HTTP Request: POST http://localhost:52829/ "HTTP/1.1 200 OK"
2026-01-15 01:31:51,576 - HTTP Request: POST http://localhost:52829/ "HTTP/1.1 200 OK"
2026-01-15 01:31:51,581 - HTTP Request: POST http://localhost:52829/ "HTTP/1.1 200 OK"
2026-01-15 01:31:51,587 - HTTP Request: POST http://localhost:52829/ "HTTP/1.1 200 OK"
2026-01-15 01:31:51,588 - HTTP Request: POST http://localhost:52829/ "HTTP/1.1 200 OK"
2026-01-15 01:32:08,303 - HTTP Request: POST http://localhost:52829/ "HTTP/1.1 200 OK"
2026-01-15 01:32:11,290 - HTTP Request: POST http://localhost:52829/ "HTTP/1.1 200 OK"
2026-01-15 01:32:11,635 - HTTP Request: POST http://localhost:52829/ "HTTP/1.1 200 OK"
2026-01-15 01:32:11,639 - HTTP Request: POST http://localhost:52829/ "HTTP/1.1 200 OK"
2026-01-15 01:32:11,643 - HTTP Request: POST http://localhost:52829/ "HTTP/1.1 200 OK"
2026-01-15 01:32:11,645 - HTTP Request: POST http://localhost:52829/ "HTTP/1.1 200 OK"
2026-01-15 01:32:19,413 - HTTP Request: POST http://localhost:52829/ "HTTP/1.1 200 OK"
2026-01-15 01:32:19,416 - HTTP Request: POST http://localhost:52829/ "HTTP/1.1 200 OK"
2026-01-15 01:32:19,419 - HTTP Request: POST http://localhost:52829/ "HTTP/1.1 200 OK"
2026-01-15 01:32:20,636 - HTTP Request: POST http://localhost:52829/ "HTTP/1.1 200 OK"
2026-01-15 01:32:20,640 - HTTP Request: POST http://localhost:52829/ "HTTP/1.1 200 OK"
2026-01-15 01:32:20,646 - HTTP Request: POST http://localhost:52829/ "HTTP/1.1 200 OK"
